.next/dev/types/validator.ts(51,39): error TS2307: Cannot find module '../../../app/auctions/page.js' or its corresponding type declarations.
app/shop/page.tsx(54,20): error TS2339: Property 'name' does not exist on type 'never'.
app/shop/page.tsx(55,27): error TS2339: Property 'description' does not exist on type 'never'.
app/shop/page.tsx(56,27): error TS2339: Property 'price_coins' does not exist on type 'never'.
app/shop/page.tsx(57,25): error TS2339: Property 'item_type' does not exist on type 'never'.
app/shop/page.tsx(58,21): error TS2339: Property 'stock' does not exist on type 'never'.
app/shop/page.tsx(58,43): error TS2339: Property 'stock' does not exist on type 'never'.
app/shop/page.tsx(59,25): error TS2339: Property 'is_active' does not exist on type 'never'.
